Archive member included because of file (symbol)

/opt/pic32mx/lib/libdetpic32.a(xprintf.o)
                              project2_main.o (xprintf)
/opt/pic32mx/lib/libm.a(w_atan32.o)
                              project2_main.o (atan2)
/opt/pic32mx/lib/libm.a(cos32.o)
                              project2_main.o (cos)
/opt/pic32mx/lib/libm.a(sin32.o)
                              project2_main.o (sin)
/opt/pic32mx/lib/libm.a(reduct32.o)
                              /opt/pic32mx/lib/libm.a(cos32.o) (reduct)
/opt/pic32mx/lib/libm.a(sincos32.o)
                              /opt/pic32mx/lib/libm.a(cos32.o) (sincon)
/opt/pic32mx/lib/libm.a(func32.o)
                              /opt/pic32mx/lib/libm.a(cos32.o) (sigmax)
/opt/pic32mx/lib/libm.a(dp32.o)
                              project2_main.o (__subdf3)
/opt/pic32mx/lib/libm.a(s_lib_ver.o)
                              /opt/pic32mx/lib/libm.a(w_atan32.o) (math_errhandling)
/opt/pic32mx/lib/libm.a(atan32.o)
                              /opt/pic32mx/lib/libm.a(w_atan32.o) (__mchp_atan2)
/opt/pic32mx/lib/libm.a(arc32.o)
                              /opt/pic32mx/lib/libm.a(atan32.o) (exatan)
/opt/pic32mx/lib/libm.a(sqrt32.o)
                              /opt/pic32mx/lib/libm.a(arc32.o) (exsqrt)
/opt/pic32mx/lib/libc.a(errno.o)
                              /opt/pic32mx/lib/libm.a(w_atan32.o) (errno)
/opt/pic32mx/lib/libc.a(exit.o)
                              project2_main.o (exit)
/opt/pic32mx/lib/libc.a(stdclean.o)
                              /opt/pic32mx/lib/libc.a(exit.o) (_cleanup)
/opt/pic32mx/lib/libc.a(_exit.o)
                              /opt/pic32mx/lib/libc.a(exit.o) (_exit)
/opt/pic32mx/lib/libc.a(_iob.o)
                              /opt/pic32mx/lib/libc.a(stdclean.o) (_iob)
/opt/pic32mx/lib/libc.a(fclose.o)
                              /opt/pic32mx/lib/libc.a(stdclean.o) (fclose)
/opt/pic32mx/lib/libc.a(fflush.o)
                              /opt/pic32mx/lib/libc.a(fclose.o) (fflush)
/opt/pic32mx/lib/libc.a(buf.o)
                              /opt/pic32mx/lib/libc.a(fclose.o) (_buffree)
/opt/pic32mx/lib/libc.a(tfiles.o)
                              /opt/pic32mx/lib/libc.a(fclose.o) (_tfilesptr)
/opt/pic32mx/lib/libc.a(sbrk.o)
                              /opt/pic32mx/lib/libc.a(buf.o) (sbrk)
/opt/pic32mx/lib/libc.a(write.o)
                              /opt/pic32mx/lib/libc.a(fflush.o) (write)
/opt/pic32mx/lib/libc.a(remove.o)
                              /opt/pic32mx/lib/libc.a(fclose.o) (remove)
/opt/pic32mx/lib/libc.a(close.o)
                              /opt/pic32mx/lib/libc.a(fclose.o) (close)
/opt/pic32mx/lib/libc.a(memset.o)
                              /opt/pic32mx/lib/libc.a(sbrk.o) (memset)
/opt/pic32mx/lib/libc.a(_mon_putc.o)
                              /opt/pic32mx/lib/libc.a(write.o) (_mon_putc)
/opt/pic32mx/lib/libc.a(c32_uart.o)
                              /opt/pic32mx/lib/libc.a(_mon_putc.o) (__C32_UART)

Allocating common symbols
Common symbol       size              file

_atexitptr          0x4               /opt/pic32mx/lib/libc.a(stdclean.o)
errno               0x4               /opt/pic32mx/lib/libc.a(errno.o)
tick80ms            0x4               project2_main.o
sensor_sensorReadings
                    0x5e38            project2_main.o
_sibuf              0x20              /opt/pic32mx/lib/libc.a(_iob.o)
follow_starting_point_last_point
                    0x4               project2_main.o
tick20ms            0x4               project2_main.o
behavior_sensorReadings
                    0x5e38            project2_main.o
temp1               0x4               project2_main.o
_outdone            0x1               /opt/pic32mx/lib/libc.a(_iob.o)
beh_fol_wall        0x28              project2_main.o
behavior_struct     0x60              project2_main.o
beh_av_col          0x8               project2_main.o
tick40ms            0x4               project2_main.o
tick160ms           0x4               project2_main.o
_tfilesptr          0x4               /opt/pic32mx/lib/libc.a(tfiles.o)
analogSensors       0x18              project2_main.o
tick10ms            0x4               project2_main.o
_sobuf              0x20              /opt/pic32mx/lib/libc.a(_iob.o)

Microchip PIC32 Memory-Usage Report

kseg0 Program-Memory Usage
section                    address  length [bytes]      (dec)  Description
-------                 ----------  -------------------------  -----------
.text                   0x9d001400         0x674c       26444  Application's executable code 
.rodata                 0x9d007b50          0x34c         844  Read-only constant data 
.data                   0x9d007e9c          0x2d4         724  Data-initialization template 
.sdata                  0x9d008170           0x1c          28  Small data-initialization template 
      Total kseg0_program_mem used  :      0x6d88       28040  5.4% of 0x7ec00

kseg0 Boot-Memory Usage
section                    address  length [bytes]      (dec)  Description
-------                 ----------  -------------------------  -----------
.startup                0x9d001000          0x2b0         688  C startup code 
         Total kseg0_boot_mem used  :       0x2b0         688  68.3% of 0x3f0

Exception-Memory Usage 
section                    address  length [bytes]      (dec)  Description
-------                 ----------  -------------------------  -----------
.app_excpt              0x9d000180           0x14          20  General-Exception handler 
.vector_7               0x9d0002e0            0x8           8  Interrupt Vector 7 
.vector_8               0x9d000300            0x8           8  Interrupt Vector 8 
.vector_19              0x9d000460            0x8           8  Interrupt Vector 19 
          Total exception_mem used  :        0x2c          44  1.1% of 0x1000

kseg1 Boot-Memory Usage
section                    address  length [bytes]      (dec)  Description
-------                 ----------  -------------------------  -----------
         Total kseg1_boot_mem used  :           0           0  <1% of 0x490
        --------------------------------------------------------------------------
         Total Program Memory used  :      0x7064       28772  5.5% of 0x80480
        --------------------------------------------------------------------------


kseg1 Data-Memory Usage
section                    address  length [bytes]      (dec)  Description
-------                 ----------  -------------------------  -----------
.data                   0xa0000000          0x2d4         724  Initialized data 
.sdata                  0xa00002d4           0x1c          28  Small initialized data 
.sbss                   0xa00002f0           0xe4         228  Small uninitialized data 
.bss                    0xa00003d8         0xbe68       48744  Uninitialized data 
.stack                  0xa000c240         0x2000        8192  Minimum space reserved for stack 
         Total kseg1_data_mem used  :      0xe23c       57916  44.2% of 0x20000
        --------------------------------------------------------------------------
            Total Data Memory used  :      0xe23c       57916  44.2% of 0x20000
        --------------------------------------------------------------------------

Memory Configuration

Name             Origin             Length             Attributes
kseg0_program_mem 0x000000009d001400 0x000000000007ec00 xr
kseg0_boot_mem   0x000000009d001000 0x00000000000003f0
exception_mem    0x000000009d000000 0x0000000000001000
kseg1_boot_mem   0x00000000bfc00000 0x0000000000000490
debug_exec_mem   0x00000000bfc02000 0x0000000000000ff0
config3          0x00000000bfc02ff0 0x0000000000000004
config2          0x00000000bfc02ff4 0x0000000000000004
config1          0x00000000bfc02ff8 0x0000000000000004
config0          0x00000000bfc02ffc 0x0000000000000004
kseg1_data_mem   0x00000000a0000000 0x0000000000020000 w !x
sfrs             0x00000000bf800000 0x0000000000100000
*default*        0x0000000000000000 0xffffffffffffffff

Linker script and memory map

LOAD project2_main.o
LOAD /opt/pic32mx/lib/libdetpic32.a
LOAD /opt/pic32mx/lib/gcc/pic32mx/3.4.4/libgcc.a
LOAD /opt/pic32mx/lib/libm.a
LOAD /opt/pic32mx/lib/libc.a
LOAD /opt/pic32mx/lib/libsupc++.a
LOAD /opt/pic32mx/lib/libxcpp.a
                0x0000000000000400                PROVIDE (_min_stack_size, 0x400)
                0x0000000000000000                PROVIDE (_min_heap_size, 0x0)
LOAD /opt/pic32mx/lib/startup.o
                0x0000000000000001                PROVIDE (_vector_spacing, 0x1)
                0x000000009d000000                _ebase_address = 0x9d000000
                0x0000000000000001                _vector_spacing = 0x1
                0x000000009d001800                _reset = 0x9d001800
                0x0000000000002000                _min_stack_size = 0x2000
                0x0000000000000000                _min_heap_size = 0x0
                0x00000000bfc00000                _RESET_ADDR = 0xbfc00000
                0x00000000bfc00380                _BEV_EXCPT_ADDR = 0xbfc00380
                0x00000000bfc00480                _DBG_EXCPT_ADDR = 0xbfc00480
                0x00000000bfc02000                _DBG_CODE_ADDR = 0xbfc02000
                0x000000009d000180                _GEN_EXCPT_ADDR = (_ebase_address + 0x180)

.config_BFC02FF0
 *(.config_BFC02FF0)

.config_BFC02FF4
 *(.config_BFC02FF4)

.config_BFC02FF8
 *(.config_BFC02FF8)

.config_BFC02FFC
 *(.config_BFC02FFC)

.startup        0x000000009d001000      0x2b0
 *(.startup)
 .startup       0x000000009d001000      0x2b0 /opt/pic32mx/lib/startup.o
                0x000000009d001000                startup
 *(.startup)

.reset
 *(.reset)

.bev_excpt
 *(.bev_handler)

.dbg_excpt      0x00000000bfc00480        0x0
                0x00000000bfc00480                . = (. + DEFINED (_DEBUGGER)?0x8:0x0)

.dbg_code       0x00000000bfc02000        0x0
                0x00000000bfc02000                . = (. + DEFINED (_DEBUGGER)?0xff0:0x0)

.app_excpt      0x000000009d000180       0x14
 *(.gen_handler)
 .gen_handler   0x000000009d000180       0x14 /opt/pic32mx/lib/startup.o

.vector_0       0x000000009d000200        0x0
 *(.vector_0)
                0x0000000000000001                ASSERT (((_vector_spacing == 0x0) || (SIZEOF (.vector_0) <= (_vector_spacing << 0x5))), function at exception vector 0 too large)

.vector_1       0x000000009d000220        0x0
 *(.vector_1)
                0x0000000000000001                ASSERT (((_vector_spacing == 0x0) || (SIZEOF (.vector_1) <= (_vector_spacing << 0x5))), function at exception vector 1 too large)

.vector_2       0x000000009d000240        0x0
 *(.vector_2)
                0x0000000000000001                ASSERT (((_vector_spacing == 0x0) || (SIZEOF (.vector_2) <= (_vector_spacing << 0x5))), function at exception vector 2 too large)

.vector_3       0x000000009d000260        0x0
 *(.vector_3)
                0x0000000000000001                ASSERT (((_vector_spacing == 0x0) || (SIZEOF (.vector_3) <= (_vector_spacing << 0x5))), function at exception vector 3 too large)

.vector_4       0x000000009d000280        0x0
 *(.vector_4)
                0x0000000000000001                ASSERT (((_vector_spacing == 0x0) || (SIZEOF (.vector_4) <= (_vector_spacing << 0x5))), function at exception vector 4 too large)

.vector_5       0x000000009d0002a0        0x0
 *(.vector_5)
                0x0000000000000001                ASSERT (((_vector_spacing == 0x0) || (SIZEOF (.vector_5) <= (_vector_spacing << 0x5))), function at exception vector 5 too large)

.vector_6       0x000000009d0002c0        0x0
 *(.vector_6)
                0x0000000000000001                ASSERT (((_vector_spacing == 0x0) || (SIZEOF (.vector_6) <= (_vector_spacing << 0x5))), function at exception vector 6 too large)

.vector_7       0x000000009d0002e0        0x8
 *(.vector_7)
 .vector_7      0x000000009d0002e0        0x8 project2_main.o
                0x0000000000000001                ASSERT (((_vector_spacing == 0x0) || (SIZEOF (.vector_7) <= (_vector_spacing << 0x5))), function at exception vector 7 too large)

.vector_8       0x000000009d000300        0x8
 *(.vector_8)
 .vector_8      0x000000009d000300        0x8 project2_main.o
                0x0000000000000001                ASSERT (((_vector_spacing == 0x0) || (SIZEOF (.vector_8) <= (_vector_spacing << 0x5))), function at exception vector 8 too large)

.vector_9       0x000000009d000320        0x0
 *(.vector_9)
                0x0000000000000001                ASSERT (((_vector_spacing == 0x0) || (SIZEOF (.vector_9) <= (_vector_spacing << 0x5))), function at exception vector 9 too large)

.vector_10      0x000000009d000340        0x0
 *(.vector_10)
                0x0000000000000001                ASSERT (((_vector_spacing == 0x0) || (SIZEOF (.vector_10) <= (_vector_spacing << 0x5))), function at exception vector 10 too large)

.vector_11      0x000000009d000360        0x0
 *(.vector_11)
                0x0000000000000001                ASSERT (((_vector_spacing == 0x0) || (SIZEOF (.vector_11) <= (_vector_spacing << 0x5))), function at exception vector 11 too large)

.vector_12      0x000000009d000380        0x0
 *(.vector_12)
                0x0000000000000001                ASSERT (((_vector_spacing == 0x0) || (SIZEOF (.vector_12) <= (_vector_spacing << 0x5))), function at exception vector 12 too large)

.vector_13      0x000000009d0003a0        0x0
 *(.vector_13)
                0x0000000000000001                ASSERT (((_vector_spacing == 0x0) || (SIZEOF (.vector_13) <= (_vector_spacing << 0x5))), function at exception vector 13 too large)

.vector_14      0x000000009d0003c0        0x0
 *(.vector_14)
                0x0000000000000001                ASSERT (((_vector_spacing == 0x0) || (SIZEOF (.vector_14) <= (_vector_spacing << 0x5))), function at exception vector 14 too large)

.vector_15      0x000000009d0003e0        0x0
 *(.vector_15)
                0x0000000000000001                ASSERT (((_vector_spacing == 0x0) || (SIZEOF (.vector_15) <= (_vector_spacing << 0x5))), function at exception vector 15 too large)

.vector_16      0x000000009d000400        0x0
 *(.vector_16)
                0x0000000000000001                ASSERT (((_vector_spacing == 0x0) || (SIZEOF (.vector_16) <= (_vector_spacing << 0x5))), function at exception vector 16 too large)

.vector_17      0x000000009d000420        0x0
 *(.vector_17)
                0x0000000000000001                ASSERT (((_vector_spacing == 0x0) || (SIZEOF (.vector_17) <= (_vector_spacing << 0x5))), function at exception vector 17 too large)

.vector_18      0x000000009d000440        0x0
 *(.vector_18)
                0x0000000000000001                ASSERT (((_vector_spacing == 0x0) || (SIZEOF (.vector_18) <= (_vector_spacing << 0x5))), function at exception vector 18 too large)

.vector_19      0x000000009d000460        0x8
 *(.vector_19)
 .vector_19     0x000000009d000460        0x8 project2_main.o
                0x0000000000000001                ASSERT (((_vector_spacing == 0x0) || (SIZEOF (.vector_19) <= (_vector_spacing << 0x5))), function at exception vector 19 too large)

.vector_20      0x000000009d000480        0x0
 *(.vector_20)
                0x0000000000000001                ASSERT (((_vector_spacing == 0x0) || (SIZEOF (.vector_20) <= (_vector_spacing << 0x5))), function at exception vector 20 too large)

.vector_21      0x000000009d0004a0        0x0
 *(.vector_21)
                0x0000000000000001                ASSERT (((_vector_spacing == 0x0) || (SIZEOF (.vector_21) <= (_vector_spacing << 0x5))), function at exception vector 21 too large)

.vector_22      0x000000009d0004c0        0x0
 *(.vector_22)
                0x0000000000000001                ASSERT (((_vector_spacing == 0x0) || (SIZEOF (.vector_22) <= (_vector_spacing << 0x5))), function at exception vector 22 too large)

.vector_23      0x000000009d0004e0        0x0
 *(.vector_23)
                0x0000000000000001                ASSERT (((_vector_spacing == 0x0) || (SIZEOF (.vector_23) <= (_vector_spacing << 0x5))), function at exception vector 23 too large)

.vector_24      0x000000009d000500        0x0
 *(.vector_24)
                0x0000000000000001                ASSERT (((_vector_spacing == 0x0) || (SIZEOF (.vector_24) <= (_vector_spacing << 0x5))), function at exception vector 24 too large)

.vector_25      0x000000009d000520        0x0
 *(.vector_25)
                0x0000000000000001                ASSERT (((_vector_spacing == 0x0) || (SIZEOF (.vector_25) <= (_vector_spacing << 0x5))), function at exception vector 25 too large)

.vector_26      0x000000009d000540        0x0
 *(.vector_26)
                0x0000000000000001                ASSERT (((_vector_spacing == 0x0) || (SIZEOF (.vector_26) <= (_vector_spacing << 0x5))), function at exception vector 26 too large)

.vector_27      0x000000009d000560        0x0
 *(.vector_27)
                0x0000000000000001                ASSERT (((_vector_spacing == 0x0) || (SIZEOF (.vector_27) <= (_vector_spacing << 0x5))), function at exception vector 27 too large)

.vector_28      0x000000009d000580        0x0
 *(.vector_28)
                0x0000000000000001                ASSERT (((_vector_spacing == 0x0) || (SIZEOF (.vector_28) <= (_vector_spacing << 0x5))), function at exception vector 28 too large)

.vector_29      0x000000009d0005a0        0x0
 *(.vector_29)
                0x0000000000000001                ASSERT (((_vector_spacing == 0x0) || (SIZEOF (.vector_29) <= (_vector_spacing << 0x5))), function at exception vector 29 too large)

.vector_30      0x000000009d0005c0        0x0
 *(.vector_30)
                0x0000000000000001                ASSERT (((_vector_spacing == 0x0) || (SIZEOF (.vector_30) <= (_vector_spacing << 0x5))), function at exception vector 30 too large)

.vector_31      0x000000009d0005e0        0x0
 *(.vector_31)
                0x0000000000000001                ASSERT (((_vector_spacing == 0x0) || (SIZEOF (.vector_31) <= (_vector_spacing << 0x5))), function at exception vector 31 too large)

.vector_32      0x000000009d000600        0x0
 *(.vector_32)
                0x0000000000000001                ASSERT (((_vector_spacing == 0x0) || (SIZEOF (.vector_32) <= (_vector_spacing << 0x5))), function at exception vector 32 too large)

.vector_33      0x000000009d000620        0x0
 *(.vector_33)
                0x0000000000000001                ASSERT (((_vector_spacing == 0x0) || (SIZEOF (.vector_33) <= (_vector_spacing << 0x5))), function at exception vector 33 too large)

.vector_34      0x000000009d000640        0x0
 *(.vector_34)
                0x0000000000000001                ASSERT (((_vector_spacing == 0x0) || (SIZEOF (.vector_34) <= (_vector_spacing << 0x5))), function at exception vector 34 too large)

.vector_35      0x000000009d000660        0x0
 *(.vector_35)
                0x0000000000000001                ASSERT (((_vector_spacing == 0x0) || (SIZEOF (.vector_35) <= (_vector_spacing << 0x5))), function at exception vector 35 too large)

.vector_36      0x000000009d000680        0x0
 *(.vector_36)
                0x0000000000000001                ASSERT (((_vector_spacing == 0x0) || (SIZEOF (.vector_36) <= (_vector_spacing << 0x5))), function at exception vector 36 too large)

.vector_37      0x000000009d0006a0        0x0
 *(.vector_37)
                0x0000000000000001                ASSERT (((_vector_spacing == 0x0) || (SIZEOF (.vector_37) <= (_vector_spacing << 0x5))), function at exception vector 37 too large)

.vector_38      0x000000009d0006c0        0x0
 *(.vector_38)
                0x0000000000000001                ASSERT (((_vector_spacing == 0x0) || (SIZEOF (.vector_38) <= (_vector_spacing << 0x5))), function at exception vector 38 too large)

.vector_39      0x000000009d0006e0        0x0
 *(.vector_39)
                0x0000000000000001                ASSERT (((_vector_spacing == 0x0) || (SIZEOF (.vector_39) <= (_vector_spacing << 0x5))), function at exception vector 39 too large)

.vector_40      0x000000009d000700        0x0
 *(.vector_40)
                0x0000000000000001                ASSERT (((_vector_spacing == 0x0) || (SIZEOF (.vector_40) <= (_vector_spacing << 0x5))), function at exception vector 40 too large)

.vector_41      0x000000009d000720        0x0
 *(.vector_41)
                0x0000000000000001                ASSERT (((_vector_spacing == 0x0) || (SIZEOF (.vector_41) <= (_vector_spacing << 0x5))), function at exception vector 41 too large)

.vector_42      0x000000009d000740        0x0
 *(.vector_42)
                0x0000000000000001                ASSERT (((_vector_spacing == 0x0) || (SIZEOF (.vector_42) <= (_vector_spacing << 0x5))), function at exception vector 42 too large)

.vector_43      0x000000009d000760        0x0
 *(.vector_43)
                0x0000000000000001                ASSERT (((_vector_spacing == 0x0) || (SIZEOF (.vector_43) <= (_vector_spacing << 0x5))), function at exception vector 43 too large)

.vector_44      0x000000009d000780        0x0
 *(.vector_44)
                0x0000000000000001                ASSERT (((_vector_spacing == 0x0) || (SIZEOF (.vector_44) <= (_vector_spacing << 0x5))), function at exception vector 44 too large)

.vector_45      0x000000009d0007a0        0x0
 *(.vector_45)
                0x0000000000000001                ASSERT (((_vector_spacing == 0x0) || (SIZEOF (.vector_45) <= (_vector_spacing << 0x5))), function at exception vector 45 too large)

.vector_46      0x000000009d0007c0        0x0
 *(.vector_46)
                0x0000000000000001                ASSERT (((_vector_spacing == 0x0) || (SIZEOF (.vector_46) <= (_vector_spacing << 0x5))), function at exception vector 46 too large)

.vector_47      0x000000009d0007e0        0x0
 *(.vector_47)
                0x0000000000000001                ASSERT (((_vector_spacing == 0x0) || (SIZEOF (.vector_47) <= (_vector_spacing << 0x5))), function at exception vector 47 too large)

.vector_48      0x000000009d000800        0x0
 *(.vector_48)
                0x0000000000000001                ASSERT (((_vector_spacing == 0x0) || (SIZEOF (.vector_48) <= (_vector_spacing << 0x5))), function at exception vector 48 too large)

.vector_49      0x000000009d000820        0x0
 *(.vector_49)
                0x0000000000000001                ASSERT (((_vector_spacing == 0x0) || (SIZEOF (.vector_49) <= (_vector_spacing << 0x5))), function at exception vector 49 too large)

.vector_50      0x000000009d000840        0x0
 *(.vector_50)
                0x0000000000000001                ASSERT (((_vector_spacing == 0x0) || (SIZEOF (.vector_50) <= (_vector_spacing << 0x5))), function at exception vector 50 too large)

.vector_51      0x000000009d000860        0x0
 *(.vector_51)
                0x0000000000000001                ASSERT (((_vector_spacing == 0x0) || (SIZEOF (.vector_51) <= (_vector_spacing << 0x5))), function at exception vector 51 too large)

.vector_52      0x000000009d000880        0x0
 *(.vector_52)
                0x0000000000000001                ASSERT (((_vector_spacing == 0x0) || (SIZEOF (.vector_52) <= (_vector_spacing << 0x5))), function at exception vector 52 too large)

.vector_53      0x000000009d0008a0        0x0
 *(.vector_53)
                0x0000000000000001                ASSERT (((_vector_spacing == 0x0) || (SIZEOF (.vector_53) <= (_vector_spacing << 0x5))), function at exception vector 53 too large)

.vector_54      0x000000009d0008c0        0x0
 *(.vector_54)
                0x0000000000000001                ASSERT (((_vector_spacing == 0x0) || (SIZEOF (.vector_54) <= (_vector_spacing << 0x5))), function at exception vector 54 too large)

.vector_55      0x000000009d0008e0        0x0
 *(.vector_55)
                0x0000000000000001                ASSERT (((_vector_spacing == 0x0) || (SIZEOF (.vector_55) <= (_vector_spacing << 0x5))), function at exception vector 55 too large)

.vector_56      0x000000009d000900        0x0
 *(.vector_56)
                0x0000000000000001                ASSERT (((_vector_spacing == 0x0) || (SIZEOF (.vector_56) <= (_vector_spacing << 0x5))), function at exception vector 56 too large)

.vector_57      0x000000009d000920        0x0
 *(.vector_57)
                0x0000000000000001                ASSERT (((_vector_spacing == 0x0) || (SIZEOF (.vector_57) <= (_vector_spacing << 0x5))), function at exception vector 57 too large)

.vector_58      0x000000009d000940        0x0
 *(.vector_58)
                0x0000000000000001                ASSERT (((_vector_spacing == 0x0) || (SIZEOF (.vector_58) <= (_vector_spacing << 0x5))), function at exception vector 58 too large)

.vector_59      0x000000009d000960        0x0
 *(.vector_59)
                0x0000000000000001                ASSERT (((_vector_spacing == 0x0) || (SIZEOF (.vector_59) <= (_vector_spacing << 0x5))), function at exception vector 59 too large)

.vector_60      0x000000009d000980        0x0
 *(.vector_60)
                0x0000000000000001                ASSERT (((_vector_spacing == 0x0) || (SIZEOF (.vector_60) <= (_vector_spacing << 0x5))), function at exception vector 60 too large)

.vector_61      0x000000009d0009a0        0x0
 *(.vector_61)
                0x0000000000000001                ASSERT (((_vector_spacing == 0x0) || (SIZEOF (.vector_61) <= (_vector_spacing << 0x5))), function at exception vector 61 too large)

.vector_62      0x000000009d0009c0        0x0
 *(.vector_62)
                0x0000000000000001                ASSERT (((_vector_spacing == 0x0) || (SIZEOF (.vector_62) <= (_vector_spacing << 0x5))), function at exception vector 62 too large)

.vector_63      0x000000009d0009e0        0x0
 *(.vector_63)
                0x0000000000000001                ASSERT (((_vector_spacing == 0x0) || (SIZEOF (.vector_63) <= (_vector_spacing << 0x5))), function at exception vector 63 too large)

.text           0x000000009d001400     0x674c
                0x000000009d001400                _text_begin = .
 *(.text .stub .text.* .gnu.linkonce.t.*)
 .text          0x000000009d001400     0x2c9c project2_main.o
                0x000000009d002774                get_priority_from_id
                0x000000009d002884                reset_follow_wall
                0x000000009d001e38                normalizeAngle
                0x000000009d0031c4                follow_beacon
                0x000000009d003a38                execute_behavior
                0x000000009d002624                test_follow_wall
                0x000000009d003740                calculate_extra_values
                0x000000009d001d94                pid
                0x000000009d00362c                save_breadcrumbs
                0x000000009d0029a0                reset_default_priority_list
                0x000000009d002ab8                signal_long_LED
                0x000000009d002464                isr_enc_left
                0x000000009d002924                reset_stop_at_beacon
                0x000000009d00293c                reset_follow_starting_point
                0x000000009d002688                test_stop_at_starting_point
                0x000000009d003efc                get_sensorReadings
                0x000000009d0034b0                sensors_finish
                0x000000009d001400                setServoPos
                0x000000009d0025fc                test_stop_at_beacon
                0x000000009d00251c                isr_enc_right
                0x000000009d0029c8                behaviors_init
                0x000000009d00292c                reset_wounder
                0x000000009d001548                readAnalogSensors
                0x000000009d001a88                getRobotPos
                0x000000009d0014a4                updateBatteryVoltage
                0x000000009d003708                readGroundSensor
                0x000000009d002934                reset_stop_at_starting_point
                0x000000009d0025ec                __gxx_personality_v0
                0x000000009d002260                isr_t2
                0x000000009d001abc                led
                0x000000009d00276c                test_follow_starting_point
                0x000000009d001b68                setSP2
                0x000000009d001b18                leds
                0x000000009d00294c                set_return_priority_list
                0x000000009d003480                sensors_init
                0x000000009d002a3c                avoid_colision
                0x000000009d003920                refresh_sensorReadings
                0x000000009d002220                wait
                0x000000009d002b60                rotateRel_naive
                0x000000009d0027ac                change_behavior_priority
                0x000000009d0034e0                readBeaconSensor
                0x000000009d002b58                wounder
                0x000000009d00164c                initPIC32
                0x000000009d002ab0                behaviors_finish
                0x000000009d003f54                main
                0x000000009d002a24                movement_rotate
                0x000000009d001bf0                readEncoders
                0x000000009d002b08                stop_at_starting_point
                0x000000009d002fb8                movement_travel_in_curve_radius
                0x000000009d00210c                delay
                0x000000009d001bb8                setVel2
                0x000000009d002b50                movement_go_forward
                0x000000009d002aa4                movement_stop
                0x000000009d001b5c                batteryVoltage
                0x000000009d002b2c                stop_at_beacon
                0x000000009d0028b0                test_avoid_colision
                0x000000009d001ba4                setPWM2
                0x000000009d0028a8                reset_avoid_colision
                0x000000009d002610                test_follow_beacon
                0x000000009d002cf8                follow_starting_point
                0x000000009d0031a4                movement_travel_in_curve_radius_direction
                0x000000009d00291c                reset_follow_beacon
                0x000000009d001f20                updateLocalization
                0x000000009d001c1c                actuateMotors
                0x000000009d002680                test_wounder
                0x000000009d00326c                follow_wall
                0x000000009d002158                readLineSensors
                0x000000009d002a1c                driveMotors
                0x000000009d001be8                closedLoopControl
                0x000000009d0039c0                get_new_sensorReadings
                0x000000009d001b38                obstacleSensor
 .text          0x000000009d00409c      0x990 /opt/pic32mx/lib/libdetpic32.a(xprintf.o)
                0x000000009d0040a4                xprintf
 .text.atan2    0x000000009d004a2c       0xe4 /opt/pic32mx/lib/libm.a(w_atan32.o)
                0x000000009d004a2c                atan2
 .text          0x000000009d004b10      0x1a0 /opt/pic32mx/lib/libm.a(cos32.o)
                0x000000009d004b10                cos
                0x000000009d004b10                dpcos
 .text          0x000000009d004cb0      0x198 /opt/pic32mx/lib/libm.a(sin32.o)
                0x000000009d004cb0                dpsin
                0x000000009d004cb0                sin
 .text          0x000000009d004e48      0x1b4 /opt/pic32mx/lib/libm.a(reduct32.o)
                0x000000009d004e48                reduct
 .text          0x000000009d004ffc      0x5d4 /opt/pic32mx/lib/libm.a(func32.o)
                0x000000009d0051d0                exadd
                0x000000009d005104                exmul
                0x000000009d004ffc                sigmax
                0x000000009d00536c                exdiv
                0x000000009d0052bc                exsub
 .text          0x000000009d0055d0     0x1128 /opt/pic32mx/lib/libm.a(dp32.o)
                0x000000009d006680                fabs
                0x000000009d006544                __eqdf2
                0x000000009d006544                __gtdf2
                0x000000009d0055d0                dpsub
                0x000000009d0061d8                __floatsidf
                0x000000009d006544                __ltdf2
                0x000000009d00624c                ultodp
                0x000000009d0059fc                dpmul
                0x000000009d006340                dptofp
                0x000000009d0064c0                __fixunsdfsi
                0x000000009d006544                dpcmp
                0x000000009d00629c                __extendsfdf2
                0x000000009d0055d8                __adddf3
                0x000000009d0064c0                dptoul
                0x000000009d005d24                dpdiv
                0x000000009d0061d8                litodp
                0x000000009d006438                __fixdfsi
                0x000000009d006544                __ledf2
                0x000000009d00629c                fptodp
                0x000000009d006668                __negdf2
                0x000000009d0055d8                dpadd
                0x000000009d005d24                __divdf3
                0x000000009d0059fc                __muldf3
                0x000000009d006340                __truncdfsf2
                0x000000009d006544                __nedf2
                0x000000009d006438                dptoli
                0x000000009d00669c                nan
                0x000000009d006680                dpfabs
                0x000000009d006544                __gedf2
                0x000000009d00669c                dpnan
                0x000000009d0055d0                __subdf3
 .text          0x000000009d0066f8      0x2e0 /opt/pic32mx/lib/libm.a(atan32.o)
                0x000000009d0066f8                dpatan2
                0x000000009d0066f8                __mchp_atan2
 .text          0x000000009d0069d8      0x384 /opt/pic32mx/lib/libm.a(arc32.o)
                0x000000009d006c98                dpatan
                0x000000009d0069d8                exatan
                0x000000009d006c98                atan
 .text          0x000000009d006d5c      0x5bc /opt/pic32mx/lib/libm.a(sqrt32.o)
                0x000000009d006ff4                __mchp_sqrt
                0x000000009d006d5c                exsqrt
                0x000000009d006ff4                dpsqrt
 .text.exit     0x000000009d007318       0x1c /opt/pic32mx/lib/libc.a(exit.o)
                0x000000009d007318                exit
 .text._cleanup
                0x000000009d007334       0x60 /opt/pic32mx/lib/libc.a(stdclean.o)
                0x000000009d007334                _cleanup
 .text._exit    0x000000009d007394        0x8 /opt/pic32mx/lib/libc.a(_exit.o)
                0x000000009d007394                _exit
 .text.fclose   0x000000009d00739c      0x114 /opt/pic32mx/lib/libc.a(fclose.o)
                0x000000009d00739c                fclose
 .text.fflush   0x000000009d0074b0       0xc4 /opt/pic32mx/lib/libc.a(fflush.o)
                0x000000009d0074b0                fflush
 .text._bufallo
                0x000000009d007574       0x58 /opt/pic32mx/lib/libc.a(buf.o)
                0x000000009d007574                _bufallo
 .text._buffree
                0x000000009d0075cc       0x10 /opt/pic32mx/lib/libc.a(buf.o)
                0x000000009d0075cc                _buffree
 .text.getpagesize
                0x000000009d0075dc        0x8 /opt/pic32mx/lib/libc.a(sbrk.o)
                0x000000009d0075dc                getpagesize
 .text._stub_sbd_memlayout
                0x000000009d0075e4       0x2c /opt/pic32mx/lib/libc.a(sbrk.o)
                0x000000009d0075e4                _stub_sbd_memlayout
                0x000000009d0075e4                _sbd_memlayout
 .text._sbrk_init
                0x000000009d007610      0x158 /opt/pic32mx/lib/libc.a(sbrk.o)
                0x000000009d007610                _sbrk_init
 .text._sbrk    0x000000009d007768       0xbc /opt/pic32mx/lib/libc.a(sbrk.o)
                0x000000009d007768                _sbrk
 .text.sbrk     0x000000009d007824       0x74 /opt/pic32mx/lib/libc.a(sbrk.o)
                0x000000009d007824                sbrk
 .text.write    0x000000009d007898       0xa8 /opt/pic32mx/lib/libc.a(write.o)
                0x000000009d007898                write
 .text.remove   0x000000009d007940        0x8 /opt/pic32mx/lib/libc.a(remove.o)
                0x000000009d007940                remove
 .text.close    0x000000009d007948        0x8 /opt/pic32mx/lib/libc.a(close.o)
                0x000000009d007948                close
 .text          0x000000009d007950       0xa8 /opt/pic32mx/lib/libc.a(memset.o)
                0x000000009d007950                memset
 .text._mon_putc
                0x000000009d0079f8       0xa4 /opt/pic32mx/lib/libc.a(_mon_putc.o)
                0x000000009d0079f8                _mon_putc
 .text          0x000000009d007a9c       0xb0 /opt/pic32mx/lib/startup.o
                0x000000009d007b0c                printStr
                0x000000009d007aec                printInt
                0x000000009d007acc                readInt
                0x000000009d007b44                resetCoreTimer
                0x000000009d007abc                putChar
                0x000000009d007b1c                readStr
                0x000000009d007b2c                exxt
                0x000000009d007afc                printInt10
                0x000000009d007a9c                inkey
                0x000000009d007aac                getChar
                0x000000009d007adc                readInt10
                0x000000009d007b3c                readCoreTimer
 *(.text.*personality*)
 *(.gnu.warning)
 *(.mips16.fn.*)
 *(.mips16.call.*)
                0x000000009d007b4c                _text_end = .

.rodata         0x000000009d007b50      0x34c
 *(.rodata .rodata.* .gnu.linkonce.r.*)
 .rodata        0x000000009d007b50       0x2c project2_main.o
                0x000000009d007b54                KI_num
                0x000000009d007b5c                KP_num
                0x000000009d007b50                KI_den
                0x000000009d007b58                KP_den
 *fill*         0x000000009d007b7c        0x4 00
 .rodata.cst8   0x000000009d007b80       0xb0 project2_main.o
                                        0x100 (size before relaxing)
 .rodata.str1.4
                0x000000009d007c30      0x1a5 project2_main.o
                                        0x1a8 (size before relaxing)
 *fill*         0x000000009d007dd5        0x3 00
 .rodata.str1.4
                0x000000009d007dd8       0x11 /opt/pic32mx/lib/libdetpic32.a(xprintf.o)
                                         0x14 (size before relaxing)
 *fill*         0x000000009d007de9        0x7 00
 .rodata.cst8   0x000000009d007df0       0x10 /opt/pic32mx/lib/libdetpic32.a(xprintf.o)
                                         0x20 (size before relaxing)
 .rodata        0x000000009d007e00       0x84 /opt/pic32mx/lib/libdetpic32.a(xprintf.o)
 .rodata        0x000000009d007e84       0x15 /opt/pic32mx/lib/startup.o
 *(.rodata1)
                0x000000009d007e9c                . = ALIGN (0x4)
 *fill*         0x000000009d007e99        0x3 00

.sdata2         0x000000009d007e9c        0x0
 *(.sdata2 .sdata2.* .gnu.linkonce.s2.*)
                0x000000009d007e9c                . = ALIGN (0x4)

.sbss2          0x000000009d007e9c        0x0
 *(.sbss2 .sbss2.* .gnu.linkonce.sb2.*)
                0x000000009d007e9c                . = ALIGN (0x4)

.eh_frame_hdr
 *(.eh_frame_hdr)

.eh_frame
 *(.eh_frame)

.dbg_data       0x00000000a0000000        0x0
                0x00000000a0000000                . = (. + DEFINED (_DEBUGGER)?0x200:0x0)

.data           0x00000000a0000000      0x2d4 load address 0x000000009d007e9c
                0x00000000a0000000                _data_begin = .
 *(.data .data.* .gnu.linkonce.d.*)
 .data          0x00000000a0000000       0x18 project2_main.o
 .data          0x00000000a0000018       0x70 /opt/pic32mx/lib/libm.a(sincos32.o)
                0x00000000a0000018                sincon
                0x00000000a0000050                coscon
 .data.math_errhandling_flag
                0x00000000a0000088        0x4 /opt/pic32mx/lib/libm.a(s_lib_ver.o)
                0x00000000a0000088                math_errhandling
 .data          0x00000000a000008c      0x1a8 /opt/pic32mx/lib/libm.a(arc32.o)
 .data          0x00000000a0000234       0xa0 /opt/pic32mx/lib/libc.a(_iob.o)
                0x00000000a0000234                _iob
 *(.gnu.linkonce.d.*personality*)
 *(.data1)
                0x000000009d007e9c                _data_image_begin = LOADADDR (.data)

.eh_frame
 *(.eh_frame)
                0x00000000a00082d0                _gp = (ALIGN (0x10) + 0x7ff0)

.got
 *(.got.plt)
 *(.got)

.sdata          0x00000000a00002d4       0x1c load address 0x000000009d008170
                0x00000000a00002d4                _sdata_begin = .
 *(.sdata .sdata.* .gnu.linkonce.s.*)
 .sdata         0x00000000a00002d4       0x14 project2_main.o
                0x00000000a00002d8                beacon_servo_sensor_limit_left
                0x00000000a00002d4                beacon_servo_sensor_limit_right
                0x00000000a00002dc                behaviors_state
                0x00000000a00002e0                SERVO_WIDTH_MAX
                0x00000000a00002e4                SERVO_WIDTH_MIN
 .sdata         0x00000000a00002e8        0x4 /opt/pic32mx/lib/libc.a(_iob.o)
                0x00000000a00002e8                _Files
 .sdata         0x00000000a00002ec        0x4 /opt/pic32mx/lib/libc.a(c32_uart.o)
                0x00000000a00002ec                __C32_UART
                0x00000000a00002f0                _sdata_end = .

.lit8
 *(.lit8)

.lit4
 *(.lit4)
                0x00000000a00002f0                . = ALIGN (0x4)
                0x00000000a00002f0                _data_end = .
                0x00000000a00002f0                _bss_begin = .

.sbss           0x00000000a00002f0       0xe4
                0x00000000a00002f0                _sbss_begin = .
 *(.dynsbss)
 *(.sbss .sbss.* .gnu.linkonce.sb.*)
 .sbss          0x00000000a00002f0       0xa0 project2_main.o
                0x00000000a00002f4                beacon_servo_counter
                0x00000000a00002fc                beacon_servo_pos
                0x00000000a00002f0                save_breadcrumbs_counter
                0x00000000a00002f8                beacon_servo_dir
 .sbss          0x00000000a0000390        0x4 /opt/pic32mx/lib/libc.a(buf.o)
 .sbss          0x00000000a0000394        0xc /opt/pic32mx/lib/libc.a(sbrk.o)
                0x00000000a0000398                _minbrk
                0x00000000a0000394                _maxbrk
 *(.scommon)
 .scommon       0x00000000a00003a0       0x24 project2_main.o
                0x00000000a00003a0                tick80ms
                0x00000000a00003a4                follow_starting_point_last_point
                0x00000000a00003a8                tick20ms
                0x00000000a00003ac                temp1
                0x00000000a00003b0                beh_av_col
                0x00000000a00003b8                tick40ms
                0x00000000a00003bc                tick160ms
                0x00000000a00003c0                tick10ms
 .scommon       0x00000000a00003c4        0x4 /opt/pic32mx/lib/libc.a(errno.o)
                0x00000000a00003c4                errno
 .scommon       0x00000000a00003c8        0x4 /opt/pic32mx/lib/libc.a(stdclean.o)
                0x00000000a00003c8                _atexitptr
 .scommon       0x00000000a00003cc        0x1 /opt/pic32mx/lib/libc.a(_iob.o)
                0x00000000a00003cc                _outdone
 *fill*         0x00000000a00003cd        0x3 00
 .scommon       0x00000000a00003d0        0x4 /opt/pic32mx/lib/libc.a(tfiles.o)
                0x00000000a00003d0                _tfilesptr
                0x00000000a00003d4                _sbss_end = .

.bss            0x00000000a00003d8     0xbe68
 *(.dynbss)
 *(.bss .bss.* .gnu.linkonce.b.*)
 .bss           0x00000000a00003d8      0x100 project2_main.o
 .bss           0x00000000a00004d8       0x18 /opt/pic32mx/lib/libc.a(sbrk.o)
 *(COMMON)
 COMMON         0x00000000a00004f0     0xbd10 project2_main.o
                0x00000000a00004f0                sensor_sensorReadings
                0x00000000a0006328                behavior_sensorReadings
                0x00000000a000c160                beh_fol_wall
                0x00000000a000c188                behavior_struct
                0x00000000a000c1e8                analogSensors
 COMMON         0x00000000a000c200       0x40 /opt/pic32mx/lib/libc.a(_iob.o)
                0x00000000a000c200                _sibuf
                0x00000000a000c220                _sobuf
                0x00000000a000c240                . = ALIGN (0x4)
                0x00000000a000c240                . = ALIGN (0x4)
                0x00000000a000c240                _end = .
                0x00000000a000c240                _bss_end = .

.persist        0x00000000a000c240        0x0
 *(.persist)
                0x00000000a000c240                . = ALIGN (0x4)

.heap           0x00000000a000c240        0x0
                0x00000000a000c240                _heap = .
                0x00000000a000c240                . = (. + _min_heap_size)

.stack          0x00000000a000c240     0x2000
                0x00000000a000c240                _splim = .
                0x00000000a000c240                _SPLIM = .
                0x00000000a000e240                . = (. + _min_stack_size)
 *fill*         0x00000000a000c240     0x2000 00

.ramfunc        0x00000000a000e800        0x0 load address 0x000000009d00818c
                0x00000000a000e800                _ramfunc_begin = .
 *(.ramfunc .ramfunc.*)
                0x00000000a000e800                . = ALIGN (0x4)
                0x00000000a000e800                _ramfunc_end = .
                0x000000009d00818c                _ramfunc_image_begin = LOADADDR (.ramfunc)
                0x0000000000000000                _ramfunc_length = SIZEOF (.ramfunc)
                0x000000000000e800                _bmxdkpba_address = (_ramfunc_begin - 0xa0000000)
                0x0000000000020000                _bmxdudba_address = 0x20000
                0x0000000000020000                _bmxdupba_address = 0x20000
                0x00000000a0020000                _stack = (_ramfunc_length > 0x0)?(_ramfunc_begin - 0x4):0xa0020000
                0x0000000000000001                ASSERT (((_min_stack_size + _min_heap_size) <= (_stack - _heap)), Not enough space to allocate both stack and heap.  Reduce heap and/or stack size.)

.pdr            0x0000000000000000      0xbc0
 *(.pdr)
 .pdr           0x0000000000000000      0x940 project2_main.o
 .pdr           0x0000000000000940       0x40 /opt/pic32mx/lib/libdetpic32.a(xprintf.o)
 .pdr           0x0000000000000980       0x20 /opt/pic32mx/lib/libm.a(w_atan32.o)
 .pdr           0x00000000000009a0       0x20 /opt/pic32mx/lib/libc.a(exit.o)
 .pdr           0x00000000000009c0       0x20 /opt/pic32mx/lib/libc.a(stdclean.o)
 .pdr           0x00000000000009e0       0x20 /opt/pic32mx/lib/libc.a(_exit.o)
 .pdr           0x0000000000000a00       0x20 /opt/pic32mx/lib/libc.a(fclose.o)
 .pdr           0x0000000000000a20       0x20 /opt/pic32mx/lib/libc.a(fflush.o)
 .pdr           0x0000000000000a40       0x40 /opt/pic32mx/lib/libc.a(buf.o)
 .pdr           0x0000000000000a80       0xa0 /opt/pic32mx/lib/libc.a(sbrk.o)
 .pdr           0x0000000000000b20       0x20 /opt/pic32mx/lib/libc.a(write.o)
 .pdr           0x0000000000000b40       0x20 /opt/pic32mx/lib/libc.a(remove.o)
 .pdr           0x0000000000000b60       0x20 /opt/pic32mx/lib/libc.a(close.o)
 .pdr           0x0000000000000b80       0x20 /opt/pic32mx/lib/libc.a(memset.o)
 .pdr           0x0000000000000ba0       0x20 /opt/pic32mx/lib/libc.a(_mon_putc.o)

.reginfo        0x0000000000000000       0x18
 *(.reginfo)
 .reginfo       0x0000000000000000       0x18 project2_main.o

.stab
 *(.stab)

.stabstr
 *(.stabstr)

.stab.excl
 *(.stab.excl)

.stab.exclstr
 *(.stab.exclstr)

.stab.index
 *(.stab.index)

.stab.indexstr
 *(.stab.indexstr)

.comment        0x0000000000000000      0x658
 *(.comment)
 .comment       0x0000000000000000       0x4d project2_main.o
 .comment       0x000000000000004d       0x4d /opt/pic32mx/lib/libdetpic32.a(xprintf.o)
 .comment       0x000000000000009a       0x4d /opt/pic32mx/lib/libm.a(w_atan32.o)
 .comment       0x00000000000000e7       0x4d /opt/pic32mx/lib/libm.a(s_lib_ver.o)
 .comment       0x0000000000000134       0x4d /opt/pic32mx/lib/libc.a(errno.o)
 .comment       0x0000000000000181       0x4d /opt/pic32mx/lib/libc.a(exit.o)
 .comment       0x00000000000001ce       0x4d /opt/pic32mx/lib/libc.a(stdclean.o)
 .comment       0x000000000000021b       0x4d /opt/pic32mx/lib/libc.a(_exit.o)
 .comment       0x0000000000000268       0x4d /opt/pic32mx/lib/libc.a(_iob.o)
 .comment       0x00000000000002b5       0x4d /opt/pic32mx/lib/libc.a(fclose.o)
 .comment       0x0000000000000302       0x4d /opt/pic32mx/lib/libc.a(fflush.o)
 .comment       0x000000000000034f       0x4d /opt/pic32mx/lib/libc.a(buf.o)
 .comment       0x000000000000039c       0x4d /opt/pic32mx/lib/libc.a(tfiles.o)
 .comment       0x00000000000003e9       0x98 /opt/pic32mx/lib/libc.a(sbrk.o)
 .comment       0x0000000000000481       0x4d /opt/pic32mx/lib/libc.a(write.o)
 .comment       0x00000000000004ce       0x4d /opt/pic32mx/lib/libc.a(remove.o)
 .comment       0x000000000000051b       0x4d /opt/pic32mx/lib/libc.a(close.o)
 .comment       0x0000000000000568       0x56 /opt/pic32mx/lib/libc.a(memset.o)
 .comment       0x00000000000005be       0x4d /opt/pic32mx/lib/libc.a(_mon_putc.o)
 .comment       0x000000000000060b       0x4d /opt/pic32mx/lib/libc.a(c32_uart.o)

.debug
 *(.debug)

.line
 *(.line)

.debug_srcinfo
 *(.debug_srcinfo)

.debug_sfnames
 *(.debug_sfnames)

.debug_aranges  0x0000000000000000      0x208
 *(.debug_aranges)
 .debug_aranges
                0x0000000000000000       0x28 /opt/pic32mx/lib/libm.a(w_atan32.o)
 .debug_aranges
                0x0000000000000028       0x28 /opt/pic32mx/lib/libc.a(exit.o)
 .debug_aranges
                0x0000000000000050       0x28 /opt/pic32mx/lib/libc.a(stdclean.o)
 .debug_aranges
                0x0000000000000078       0x28 /opt/pic32mx/lib/libc.a(_exit.o)
 .debug_aranges
                0x00000000000000a0       0x28 /opt/pic32mx/lib/libc.a(fclose.o)
 .debug_aranges
                0x00000000000000c8       0x28 /opt/pic32mx/lib/libc.a(fflush.o)
 .debug_aranges
                0x00000000000000f0       0x30 /opt/pic32mx/lib/libc.a(buf.o)
 .debug_aranges
                0x0000000000000120       0x48 /opt/pic32mx/lib/libc.a(sbrk.o)
 .debug_aranges
                0x0000000000000168       0x28 /opt/pic32mx/lib/libc.a(write.o)
 .debug_aranges
                0x0000000000000190       0x28 /opt/pic32mx/lib/libc.a(remove.o)
 .debug_aranges
                0x00000000000001b8       0x28 /opt/pic32mx/lib/libc.a(close.o)
 .debug_aranges
                0x00000000000001e0       0x28 /opt/pic32mx/lib/libc.a(_mon_putc.o)

.debug_pubnames
                0x0000000000000000      0x277
 *(.debug_pubnames)
 .debug_pubnames
                0x0000000000000000       0x1c /opt/pic32mx/lib/libm.a(w_atan32.o)
 .debug_pubnames
                0x000000000000001c       0x1c /opt/pic32mx/lib/libc.a(errno.o)
 .debug_pubnames
                0x0000000000000038       0x1b /opt/pic32mx/lib/libc.a(exit.o)
 .debug_pubnames
                0x0000000000000053       0x2e /opt/pic32mx/lib/libc.a(stdclean.o)
 .debug_pubnames
                0x0000000000000081       0x1c /opt/pic32mx/lib/libc.a(_exit.o)
 .debug_pubnames
                0x000000000000009d       0x49 /opt/pic32mx/lib/libc.a(_iob.o)
 .debug_pubnames
                0x00000000000000e6       0x1d /opt/pic32mx/lib/libc.a(fclose.o)
 .debug_pubnames
                0x0000000000000103       0x1d /opt/pic32mx/lib/libc.a(fflush.o)
 .debug_pubnames
                0x0000000000000120       0x2c /opt/pic32mx/lib/libc.a(buf.o)
 .debug_pubnames
                0x000000000000014c       0x21 /opt/pic32mx/lib/libc.a(tfiles.o)
 .debug_pubnames
                0x000000000000016d       0x74 /opt/pic32mx/lib/libc.a(sbrk.o)
 .debug_pubnames
                0x00000000000001e1       0x1c /opt/pic32mx/lib/libc.a(write.o)
 .debug_pubnames
                0x00000000000001fd       0x1d /opt/pic32mx/lib/libc.a(remove.o)
 .debug_pubnames
                0x000000000000021a       0x1c /opt/pic32mx/lib/libc.a(close.o)
 .debug_pubnames
                0x0000000000000236       0x20 /opt/pic32mx/lib/libc.a(_mon_putc.o)
 .debug_pubnames
                0x0000000000000256       0x21 /opt/pic32mx/lib/libc.a(c32_uart.o)

.debug_info     0x0000000000000000      0xdf0
 *(.debug_info .gnu.linkonce.wi.*)
 .debug_info    0x0000000000000000       0x30 /opt/pic32mx/lib/libm.a(w_atan32.o)
 .debug_info    0x0000000000000030       0x3f /opt/pic32mx/lib/libc.a(errno.o)
 .debug_info    0x000000000000006f       0x6a /opt/pic32mx/lib/libc.a(exit.o)
 .debug_info    0x00000000000000d9      0x13f /opt/pic32mx/lib/libc.a(stdclean.o)
 .debug_info    0x0000000000000218       0x4a /opt/pic32mx/lib/libc.a(_exit.o)
 .debug_info    0x0000000000000262      0x150 /opt/pic32mx/lib/libc.a(_iob.o)
 .debug_info    0x00000000000003b2      0x162 /opt/pic32mx/lib/libc.a(fclose.o)
 .debug_info    0x0000000000000514       0xf1 /opt/pic32mx/lib/libc.a(fflush.o)
 .debug_info    0x0000000000000605      0x145 /opt/pic32mx/lib/libc.a(buf.o)
 .debug_info    0x000000000000074a      0x127 /opt/pic32mx/lib/libc.a(tfiles.o)
 .debug_info    0x0000000000000871      0x282 /opt/pic32mx/lib/libc.a(sbrk.o)
 .debug_info    0x0000000000000af3       0x7c /opt/pic32mx/lib/libc.a(write.o)
 .debug_info    0x0000000000000b6f       0xa9 /opt/pic32mx/lib/libc.a(remove.o)
 .debug_info    0x0000000000000c18       0x9e /opt/pic32mx/lib/libc.a(close.o)
 .debug_info    0x0000000000000cb6       0xfb /opt/pic32mx/lib/libc.a(_mon_putc.o)
 .debug_info    0x0000000000000db1       0x3f /opt/pic32mx/lib/libc.a(c32_uart.o)

.debug_abbrev   0x0000000000000000      0x885
 *(.debug_abbrev)
 .debug_abbrev  0x0000000000000000       0x23 /opt/pic32mx/lib/libm.a(w_atan32.o)
 .debug_abbrev  0x0000000000000023        0x1 /opt/pic32mx/lib/libm.a(s_lib_ver.o)
 .debug_abbrev  0x0000000000000024       0x30 /opt/pic32mx/lib/libc.a(errno.o)
 .debug_abbrev  0x0000000000000054       0x60 /opt/pic32mx/lib/libc.a(exit.o)
 .debug_abbrev  0x00000000000000b4       0xbd /opt/pic32mx/lib/libc.a(stdclean.o)
 .debug_abbrev  0x0000000000000171       0x41 /opt/pic32mx/lib/libc.a(_exit.o)
 .debug_abbrev  0x00000000000001b2       0x81 /opt/pic32mx/lib/libc.a(_iob.o)
 .debug_abbrev  0x0000000000000233       0xcc /opt/pic32mx/lib/libc.a(fclose.o)
 .debug_abbrev  0x00000000000002ff       0x80 /opt/pic32mx/lib/libc.a(fflush.o)
 .debug_abbrev  0x000000000000037f      0x109 /opt/pic32mx/lib/libc.a(buf.o)
 .debug_abbrev  0x0000000000000488       0x90 /opt/pic32mx/lib/libc.a(tfiles.o)
 .debug_abbrev  0x0000000000000518      0x153 /opt/pic32mx/lib/libc.a(sbrk.o)
 .debug_abbrev  0x000000000000066b       0x73 /opt/pic32mx/lib/libc.a(write.o)
 .debug_abbrev  0x00000000000006de       0x7f /opt/pic32mx/lib/libc.a(remove.o)
 .debug_abbrev  0x000000000000075d       0x6f /opt/pic32mx/lib/libc.a(close.o)
 .debug_abbrev  0x00000000000007cc       0x89 /opt/pic32mx/lib/libc.a(_mon_putc.o)
 .debug_abbrev  0x0000000000000855       0x30 /opt/pic32mx/lib/libc.a(c32_uart.o)

.debug_line     0x0000000000000000     0x1892
 *(.debug_line)
 .debug_line    0x0000000000000000       0x92 /opt/pic32mx/lib/libm.a(w_atan32.o)
 .debug_line    0x0000000000000092      0x17c /opt/pic32mx/lib/libc.a(errno.o)
 .debug_line    0x000000000000020e      0x19d /opt/pic32mx/lib/libc.a(exit.o)
 .debug_line    0x00000000000003ab      0x1b9 /opt/pic32mx/lib/libc.a(stdclean.o)
 .debug_line    0x0000000000000564       0x9e /opt/pic32mx/lib/libc.a(_exit.o)
 .debug_line    0x0000000000000602      0x196 /opt/pic32mx/lib/libc.a(_iob.o)
 .debug_line    0x0000000000000798      0x1ec /opt/pic32mx/lib/libc.a(fclose.o)
 .debug_line    0x0000000000000984      0x1e4 /opt/pic32mx/lib/libc.a(fflush.o)
 .debug_line    0x0000000000000b68      0x258 /opt/pic32mx/lib/libc.a(buf.o)
 .debug_line    0x0000000000000dc0      0x198 /opt/pic32mx/lib/libc.a(tfiles.o)
 .debug_line    0x0000000000000f58      0x3c3 /opt/pic32mx/lib/libc.a(sbrk.o)
 .debug_line    0x000000000000131b       0xc2 /opt/pic32mx/lib/libc.a(write.o)
 .debug_line    0x00000000000013dd      0x1aa /opt/pic32mx/lib/libc.a(remove.o)
 .debug_line    0x0000000000001587      0x1a9 /opt/pic32mx/lib/libc.a(close.o)
 .debug_line    0x0000000000001730       0xd3 /opt/pic32mx/lib/libc.a(_mon_putc.o)
 .debug_line    0x0000000000001803       0x8f /opt/pic32mx/lib/libc.a(c32_uart.o)

.debug_frame    0x0000000000000000      0x26c
 *(.debug_frame)
 .debug_frame   0x0000000000000000       0x3c /opt/pic32mx/lib/libm.a(w_atan32.o)
 .debug_frame   0x000000000000003c       0x2c /opt/pic32mx/lib/libc.a(exit.o)
 .debug_frame   0x0000000000000068       0x30 /opt/pic32mx/lib/libc.a(stdclean.o)
 .debug_frame   0x0000000000000098       0x20 /opt/pic32mx/lib/libc.a(_exit.o)
 .debug_frame   0x00000000000000b8       0x30 /opt/pic32mx/lib/libc.a(fclose.o)
 .debug_frame   0x00000000000000e8       0x2c /opt/pic32mx/lib/libc.a(fflush.o)
 .debug_frame   0x0000000000000114       0x38 /opt/pic32mx/lib/libc.a(buf.o)
 .debug_frame   0x000000000000014c       0x8c /opt/pic32mx/lib/libc.a(sbrk.o)
 .debug_frame   0x00000000000001d8       0x34 /opt/pic32mx/lib/libc.a(write.o)
 .debug_frame   0x000000000000020c       0x20 /opt/pic32mx/lib/libc.a(remove.o)
 .debug_frame   0x000000000000022c       0x20 /opt/pic32mx/lib/libc.a(close.o)
 .debug_frame   0x000000000000024c       0x20 /opt/pic32mx/lib/libc.a(_mon_putc.o)

.debug_str      0x0000000000000000      0xa27
 *(.debug_str)
 .debug_str     0x0000000000000000       0xbf /opt/pic32mx/lib/libm.a(w_atan32.o)
 .debug_str     0x00000000000000bf       0x72 /opt/pic32mx/lib/libc.a(errno.o)
                                         0xb9 (size before relaxing)
 .debug_str     0x0000000000000131       0x8f /opt/pic32mx/lib/libc.a(exit.o)
                                         0xef (size before relaxing)
 .debug_str     0x00000000000001c0       0xd4 /opt/pic32mx/lib/libc.a(stdclean.o)
                                        0x157 (size before relaxing)
 .debug_str     0x0000000000000294       0x74 /opt/pic32mx/lib/libc.a(_exit.o)
                                         0xc2 (size before relaxing)
 .debug_str     0x0000000000000308       0x89 /opt/pic32mx/lib/libc.a(_iob.o)
                                        0x14f (size before relaxing)
 .debug_str     0x0000000000000391       0x8d /opt/pic32mx/lib/libc.a(fclose.o)
                                        0x14e (size before relaxing)
 .debug_str     0x000000000000041e       0x74 /opt/pic32mx/lib/libc.a(fflush.o)
                                        0x135 (size before relaxing)
 .debug_str     0x0000000000000492       0xb6 /opt/pic32mx/lib/libc.a(buf.o)
                                        0x152 (size before relaxing)
 .debug_str     0x0000000000000548       0x6d /opt/pic32mx/lib/libc.a(tfiles.o)
                                        0x147 (size before relaxing)
 .debug_str     0x00000000000005b5      0x101 /opt/pic32mx/lib/libc.a(sbrk.o)
                                        0x19d (size before relaxing)
 .debug_str     0x00000000000006b6       0x82 /opt/pic32mx/lib/libc.a(write.o)
                                         0xd6 (size before relaxing)
 .debug_str     0x0000000000000738       0xdd /opt/pic32mx/lib/libc.a(remove.o)
                                        0x16e (size before relaxing)
 .debug_str     0x0000000000000815       0xc2 /opt/pic32mx/lib/libc.a(close.o)
                                        0x160 (size before relaxing)
 .debug_str     0x00000000000008d7       0xe1 /opt/pic32mx/lib/libc.a(_mon_putc.o)
                                        0x13a (size before relaxing)
 .debug_str     0x00000000000009b8       0x6f /opt/pic32mx/lib/libc.a(c32_uart.o)
                                         0xc1 (size before relaxing)

.debug_loc
 *(.debug_loc)

.debug_macinfo  0x0000000000000000    0x14835
 *(.debug_macinfo)
 .debug_macinfo
                0x0000000000000000      0xdbb /opt/pic32mx/lib/libc.a(errno.o)
 .debug_macinfo
                0x0000000000000dbb      0xbb6 /opt/pic32mx/lib/libc.a(exit.o)
 .debug_macinfo
                0x0000000000001971     0x1e47 /opt/pic32mx/lib/libc.a(stdclean.o)
 .debug_macinfo
                0x00000000000037b8      0x92f /opt/pic32mx/lib/libc.a(_exit.o)
 .debug_macinfo
                0x00000000000040e7     0x1e4e /opt/pic32mx/lib/libc.a(_iob.o)
 .debug_macinfo
                0x0000000000005f35     0x1e6a /opt/pic32mx/lib/libc.a(fclose.o)
 .debug_macinfo
                0x0000000000007d9f     0x1e59 /opt/pic32mx/lib/libc.a(fflush.o)
 .debug_macinfo
                0x0000000000009bf8     0x23b5 /opt/pic32mx/lib/libc.a(buf.o)
 .debug_macinfo
                0x000000000000bfad     0x1e47 /opt/pic32mx/lib/libc.a(tfiles.o)
 .debug_macinfo
                0x000000000000ddf4     0x1199 /opt/pic32mx/lib/libc.a(sbrk.o)
 .debug_macinfo
                0x000000000000ef8d      0x92f /opt/pic32mx/lib/libc.a(write.o)
 .debug_macinfo
                0x000000000000f8bc     0x1e47 /opt/pic32mx/lib/libc.a(remove.o)
 .debug_macinfo
                0x0000000000011703     0x1e47 /opt/pic32mx/lib/libc.a(close.o)
 .debug_macinfo
                0x000000000001354a      0x9bc /opt/pic32mx/lib/libc.a(_mon_putc.o)
 .debug_macinfo
                0x0000000000013f06      0x92f /opt/pic32mx/lib/libc.a(c32_uart.o)

.debug_weaknames
 *(.debug_weaknames)

.debug_funcnames
 *(.debug_funcnames)

.debug_typenames
 *(.debug_typenames)

.debug_varnames
 *(.debug_varnames)

/DISCARD/
 *(.note.GNU-stack)
OUTPUT(project2_main.elf elf32-tradlittlemips)

.mdebug.abi32   0x000000009d00818c        0x0

.rel.dyn        0x000000009d00818c        0x0

.debug_ranges   0x000000009d00818c       0x18
 .debug_ranges  0x000000009d00818c       0x18 /opt/pic32mx/lib/libc.a(fclose.o)
